---
source: crates/repovec-core/src/appliance/qdrant_quadlet/log_tests/mod.rs
expression: events
---
[
    CapturedEvent {
        level: Level(
            Info,
        ),
        target: "repovec_core::qdrant_quadlet",
        fields: {
            "message": "validating qdrant quadlet contract",
        },
    },
    CapturedEvent {
        level: Level(
            Warn,
        ),
        target: "repovec_core::qdrant_quadlet",
        fields: {
            "expected_image": "docker.io/qdrant/qdrant:v1",
            "image": "docker.io/other/image:v2",
            "message": "qdrant quadlet validation failed: unexpected image",
        },
    },
]
